$ next build
▲ Next.js 16.3.4 (Turbopack)
- Environments: .env.local
✓ Running next.config.ts took 40ms

  Creating an optimized production build ...
✓ Compiled successfully in 6.9s
  Running TypeScript ...
  Finished TypeScript in 1711ms ...
  Collecting page data using 7 workers ...
  Generating static pages using 7 workers (0/2) ...
✓ Generating static pages using 7 workers (2/2) in 618ms
  Finalizing page optimization ...

Route (app)
┌ ƒ /
├ ○ /_not-found
├ ƒ /api/v1/[...path]
├ ƒ /dev/feature-viewer
└ ƒ /dev/sequence-viewer


○  (Static)   prerendered as static content
ƒ  (Dynamic)  server-rendered on demand

