$ node --experimental-strip-types --test tests/*.test.ts
✔ default automatic selection excludes manual and blocked methods even if descriptor is misflagged (3.5846ms)
✔ independent payload supports no methods disabled (1.7149ms)
✔ independent payload supports lreca (0.6514ms)
✔ independent payload supports seg (0.3523ms)
✔ independent payload supports lreca+seg (0.2886ms)
✔ import success requires an explicit toggle before FuzDrop is selected (0.5382ms)
✔ SEG-only remains an annotation request without prediction weights or FuzDrop (0.3387ms)
✔ unavailable selected automatic methods are removed from the request (0.3385ms)
✔ weighted mode is blocked without both usable global predictors {"imported":null} (0.5005ms)
✔ weighted mode is blocked without both usable global predictors {"imported":{"method":"fuzdrop","method_id":"fuzdrop","status":"success","validation_status":"valid","result_id":"fuzdrop_result_test","sequence":"ACD","sequence_length":3,"sequence_sha256":"00e66854ddc46722ac3db985136265f4a24bcbbf0b45103d80cfea510e9217bf","raw_score":0.7,"calibrated_score":0.7,"expires_at":"2026-09-03T17:08:02.212Z"},"useFuzDrop":false} (0.4507ms)
✔ weighted mode is blocked without both usable global predictors {"selectedAutomatic":["seg"]} (0.2545ms)
✔ weighted mode is blocked without both usable global predictors {"imported":{"method":"fuzdrop","method_id":"fuzdrop","status":"success","validation_status":"valid","result_id":"fuzdrop_result_test","sequence":"ACD","sequence_length":3,"sequence_sha256":"00e66854ddc46722ac3db985136265f4a24bcbbf0b45103d80cfea510e9217bf","raw_score":null,"calibrated_score":null,"expires_at":"2026-09-03T17:08:02.217Z"}} (0.2548ms)
✔ weighted mode is blocked without both usable global predictors {"imported":{"method":"fuzdrop","method_id":"fuzdrop","status":"success","validation_status":"valid","result_id":"fuzdrop_result_test","sequence":"ACE","sequence_length":3,"sequence_sha256":"00e66854ddc46722ac3db985136265f4a24bcbbf0b45103d80cfea510e9217bf","raw_score":0.7,"calibrated_score":0.7,"expires_at":"2026-09-03T17:08:02.217Z"}} (0.1436ms)
✔ weighted mode is blocked without both usable global predictors {"imported":{"method":"fuzdrop","method_id":"fuzdrop","status":"success","validation_status":"valid","result_id":"fuzdrop_result_test","sequence":"ACD","sequence_length":3,"sequence_sha256":"00e66854ddc46722ac3db985136265f4a24bcbbf0b45103d80cfea510e9217bf","raw_score":0.7,"calibrated_score":0.7,"expires_at":"2000-01-01T00:00:00Z"}} (0.1745ms)
✔ weighted payload forwards exact complementary weights and never calculates a score (1.5599ms)
✔ zero global score is present, not missing (0.3085ms)
✔ a malformed import without a global numeric score cannot enable weighted mode (0.2458ms)
✔ weights preserve endpoints and decimals; invalid values cannot run (0.346ms)
✔ invalid sequence or name cannot be submitted (0.2789ms)
✔ import identity independently verifies the canonical sequence SHA and length (102.078ms)
✔ editing away and back permanently invalidates an accepted import (1.6552ms)
✔ an import arriving after sequence editing is rejected, even during hash validation (25.2206ms)
✔ late import responses cannot replace the newest accepted import (2.9285ms)
✔ remove cancels pending import validation; expiry clears its binding (34.0754ms)
✔ input snapshots remain tied to the submitted job and history is in memory only (3.9661ms)
✔ success is terminal and keeps its distinct status (0.4148ms)
✔ partial_success is terminal and keeps its distinct status (0.1971ms)
✔ failed is terminal and keeps its distinct status (0.0752ms)
✔ unavailable is terminal and keeps its distinct status (0.2466ms)
✔ external_result_required is terminal and keeps its distinct status (0.0963ms)
✔ API calls stay same-origin and preserve all successful DTO values for download (138.9349ms)
✔ method catalog unwraps the real methods envelope (7.2825ms)
✔ FuzDrop sends only the official import contract and retains result ID and null science fields (1.1235ms)
✔ partial_success is a normal job response, including unavailable ensemble (0.9875ms)
✔ failed is a normal job response, including unavailable ensemble (0.7402ms)
✔ external_result_required is a normal job response, including unavailable ensemble (0.5963ms)
✔ safe structured FUZDROP_SEQUENCE_MISMATCH errors never echo body, internal paths, or traceback (1.5459ms)
✔ safe structured ANALYSIS_UNAVAILABLE errors never echo body, internal paths, or traceback (0.8482ms)
✔ safe structured ANALYSIS_JOB_NOT_FOUND errors never echo body, internal paths, or traceback (0.8726ms)
✔ safe structured FUZDROP_IMPORT_TOO_LARGE errors never echo body, internal paths, or traceback (0.8168ms)
✔ unknown errors and malformed JSON use fixed fallback messages (1.1701ms)
✔ proxy REQUEST_TOO_LARGE keeps its code and actionable guidance without exposing server details (0.7497ms)
✔ proxy INVALID_CONTENT_TYPE keeps its code and actionable guidance without exposing server details (0.4606ms)
✔ proxy INVALID_REQUEST_ORIGIN keeps its code and actionable guidance without exposing server details (0.3512ms)
✔ proxy API_ROUTE_NOT_FOUND keeps its code and actionable guidance without exposing server details (0.3917ms)
✔ network failure becomes a friendly safe error; abort retains cancellation semantics (0.7616ms)
✔ abort while reading the response body remains cancellation rather than a visible service error (0.6494ms)
✔ invalid IDs cannot be used to construct a different request path (0.2607ms)
✔ a response for another job cannot replace the requested job (0.572ms)
✔ unknown job statuses and malformed catalog are rejected (0.8899ms)
✔ domains remain integer 1-based inclusive and invalid sequence lengths are not invented (7.446ms)
✔ every residue round-trips through one common pixel mapping at length 1 (0.6596ms)
✔ every residue round-trips through one common pixel mapping at length 2 (0.2324ms)
✔ every residue round-trips through one common pixel mapping at length 100 (0.6153ms)
✔ every residue round-trips through one common pixel mapping at length 500 (1.6874ms)
✔ every residue round-trips through one common pixel mapping at length 1000 (1.0379ms)
✔ every residue round-trips through one common pixel mapping at length 2000 (1.8821ms)
✔ every residue round-trips through one common pixel mapping at length 5000 (5.5335ms)
✔ zoomed coordinate round trips retain native positions, not local zero indices (0.6046ms)
✔ one-residue and terminal regions are visible and hit-testable without changing native coordinates (0.699ms)
✔ region clipping uses inclusive cells and hides only fully out-of-view regions (0.358ms)
✔ pan preserves span at both sequence boundaries and reset is exact (0.3332ms)
✔ wheel zoom stays anchored and cannot escape the sequence or stop above one residue (0.6087ms)
✔ focus creates a bounded native interval and preserves single-residue regions (0.3273ms)
✔ coordinate ticks always include the visible first and last residues with no zero (0.7678ms)
✔ paint and hit-test use identical terminal bounds and return original region objects (0.8358ms)
✔ overlap lanes preserve duplicates and primary status without deriving a winner (0.5804ms)
✔ empty successful region tracks remain rows but cannot produce a region hit (0.3818ms)
✔ KDE visual scaling retains signed values and never substitutes probabilities (0.3409ms)
✔ canvas timing retains first, latest and maximum completed draw, excluding hidden or unsupported canvas (9.3794ms)
✔ the test route requires the exact explicit server flag (32.7479ms)
✔ the 100-residue synthetic fixture maps to the six production tracks (51.2369ms)
✔ the 500-residue synthetic fixture maps to the six production tracks (6.802ms)
✔ the 1000-residue synthetic fixture maps to the six production tracks (6.3337ms)
✔ the 2000-residue synthetic fixture maps to the six production tracks (24.678ms)
✔ the 5000-residue synthetic fixture maps to the six production tracks (32.861ms)
✔ native missing pDP stays null and duplicate overlapping regions keep independent identities (4.4374ms)
✔ first, last, and single-residue boundaries are exercised with inclusive tooltips (13.4993ms)
✔ a new analysis changes identity and regenerated fixtures do not share mutable arrays (65.3522ms)
✔ the malformed pDP scenario rejects only its residue track and retains the other five exactly (20.9714ms)
✔ unsupported lengths and invalid fixture revisions fail without truncation (3.955ms)
✔ performance summaries report missing measurements as null rather than zero (0.6166ms)
✔ performance statistics use actual finite observations and nearest-rank p95 per event (0.6141ms)
✔ the explicitly synthetic global-only import material has no invented residue or region data (8.889ms)
✔ table residue focus, shared domain and tooltip preserve all native values at three plot widths (13.4089ms)
✔ native SEG table regions focus, paint and hit-test on the same inclusive sequence coordinates (27.9012ms)
✔ the shared FuzDrop endpoint keeps both native memberships while hit testing selects a distinct lane (4.5657ms)
✔ hiding, brushing, panning and resetting change presentation without changing downloadable evidence (10.1639ms)
✔ the actual partial-success job renders retained LRECA evidence and no artificial SEG bars (1.827ms)
✔ switching actual analysis IDs resets zoom and visibility while polling the same job preserves them (1.8934ms)
✔ a rejected optional pDP array leaves other rows hit-testable without converting absence into zero (2.3682ms)
✔ zoom, visibility, and pan mode are visual state and do not mutate earlier state (5.0555ms)
✔ reset zoom retains a user hidden track, while a new analysis clears visual state (0.4774ms)
✔ external domain requests remain integer 1-based inclusive and within this protein (0.3699ms)
✔ no analysis has no invented sequence, residue values, regions, or IDR track (6.7723ms)
✔ real LRECA full response retains the native values, precision, semantics, and primary flags (6.1712ms)
✔ real SEG-only analysis has one aligned annotation track and never needs LRECA (2.1709ms)
✔ real combined C keeps the scientific track order and separates FuzDrop/DisMeta states (2.0622ms)
✔ real normalized FuzDrop values and regions map after LRECA and before SEG without Sbind substitution (6.1935ms)
✔ FuzDrop global-only import generates neither a propensity curve nor inferred regions (3.6187ms)
✔ FuzDrop regions-only and residue-only imports independently expose their supplied outputs (4.1615ms)
✔ all-null pDP produces N/A instead of a zero curve; mixed nulls remain actual gaps (25.7965ms)
✔ successful empty regions mean No, missing output N/A, unimported FuzDrop Not imported, blocked DisMeta Unavailable (1.4795ms)
✔ actual test-only H partial success preserves LRECA while SEG is Failed, not No (1.9069ms)
✔ queued execution never exposes stale successful arrays (1.7009ms)
✔ running execution never exposes stale successful arrays (1.3602ms)
✔ failed execution never exposes stale successful arrays (0.8483ms)
✔ unavailable execution never exposes stale successful arrays (0.7814ms)
✔ skipped execution never exposes stale successful arrays (1.0291ms)
✔ external-result-required is Not imported while a forged DisMeta success still has no track (2.538ms)
✔ unselected native payloads cannot add an output to a historical job (2.2995ms)
✔ successful global-only LRECA and unavailable KDE do not get zero attribution/density (2.8557ms)
✔ lreca-attribution length is isolated from every other optional track (3.5799ms)
✔ lreca-attribution zero position is isolated from every other optional track (2.8828ms)
✔ lreca-attribution duplicate position is isolated from every other optional track (3.0921ms)
✔ lreca-attribution out-of-range position is isolated from every other optional track (2.4614ms)
✔ lreca-attribution wrong aa is isolated from every other optional track (3.692ms)
✔ lreca-attribution wrong semantic is isolated from every other optional track (3.6843ms)
✔ lreca-attribution negative score is isolated from every other optional track (3.4165ms)
✔ lreca-attribution score above one is isolated from every other optional track (1.9839ms)
✔ lreca-attribution NaN is isolated from every other optional track (2.1105ms)
✔ lreca-attribution Infinity is isolated from every other optional track (2.3061ms)
✔ lreca-attribution boolean is isolated from every other optional track (2.1851ms)
✔ lreca-attribution missing score is isolated from every other optional track (3.386ms)
✔ fuzdrop-propensity length is isolated from every other optional track (1.9398ms)
✔ fuzdrop-propensity zero position is isolated from every other optional track (1.9563ms)
✔ fuzdrop-propensity duplicate position is isolated from every other optional track (2.558ms)
✔ fuzdrop-propensity out-of-range position is isolated from every other optional track (2.0437ms)
✔ fuzdrop-propensity wrong aa is isolated from every other optional track (1.9768ms)
✔ fuzdrop-propensity wrong semantic is isolated from every other optional track (4.5937ms)
✔ fuzdrop-propensity negative score is isolated from every other optional track (14.8234ms)
✔ fuzdrop-propensity score above one is isolated from every other optional track (2.6634ms)
✔ fuzdrop-propensity NaN is isolated from every other optional track (2.3631ms)
✔ fuzdrop-propensity Infinity is isolated from every other optional track (2.9305ms)
✔ fuzdrop-propensity boolean is isolated from every other optional track (2.4303ms)
✔ fuzdrop-propensity missing score is isolated from every other optional track (3.0456ms)
✔ pDP name is checked independently of Sbind, and null LRECA attribution is invalid (2.5529ms)
✔ KDE invalid NaN stays isolated (2.7293ms)
✔ KDE invalid Infinity stays isolated (2.2843ms)
✔ KDE invalid null stays isolated (2.3339ms)
✔ KDE invalid true stays isolated (3.9938ms)
✔ KDE invalid 0.5 stays isolated (2.1718ms)
✔ KDE density supports finite values outside [0,1] without probability clipping or recalculation (0.8922ms)
✔ short or wrongly typed KDE arrays are invalid without affecting critical regions (3.4778ms)
✔ lreca-critical rejects zero without filtering or breaking sibling outputs (4.1663ms)
✔ lreca-critical rejects negative without filtering or breaking sibling outputs (3.5738ms)
✔ lreca-critical rejects reversed without filtering or breaking sibling outputs (2.3639ms)
✔ lreca-critical rejects outside without filtering or breaking sibling outputs (2.8234ms)
✔ lreca-critical rejects fractional without filtering or breaking sibling outputs (3.3979ms)
✔ lreca-critical rejects string coordinate without filtering or breaking sibling outputs (6.232ms)
✔ lreca-critical rejects boolean coordinate without filtering or breaking sibling outputs (3.4277ms)
✔ lreca-critical rejects incorrect length without filtering or breaking sibling outputs (2.2755ms)
✔ lreca-critical rejects semantic mismatch without filtering or breaking sibling outputs (2.2071ms)
✔ fuzdrop-regions rejects zero without filtering or breaking sibling outputs (1.8189ms)
✔ fuzdrop-regions rejects negative without filtering or breaking sibling outputs (2.0549ms)
✔ fuzdrop-regions rejects reversed without filtering or breaking sibling outputs (2.0461ms)
✔ fuzdrop-regions rejects outside without filtering or breaking sibling outputs (1.8365ms)
✔ fuzdrop-regions rejects fractional without filtering or breaking sibling outputs (6.1339ms)
✔ fuzdrop-regions rejects string coordinate without filtering or breaking sibling outputs (4.6759ms)
✔ fuzdrop-regions rejects boolean coordinate without filtering or breaking sibling outputs (3.3104ms)
✔ fuzdrop-regions rejects incorrect length without filtering or breaking sibling outputs (3.4617ms)
✔ fuzdrop-regions rejects semantic mismatch without filtering or breaking sibling outputs (2.3987ms)
✔ seg-regions rejects zero without filtering or breaking sibling outputs (2.1089ms)
✔ seg-regions rejects negative without filtering or breaking sibling outputs (2.0309ms)
✔ seg-regions rejects reversed without filtering or breaking sibling outputs (2.3495ms)
✔ seg-regions rejects outside without filtering or breaking sibling outputs (2.7105ms)
✔ seg-regions rejects fractional without filtering or breaking sibling outputs (2.3465ms)
✔ seg-regions rejects string coordinate without filtering or breaking sibling outputs (5.6574ms)
✔ seg-regions rejects boolean coordinate without filtering or breaking sibling outputs (3.6134ms)
✔ seg-regions rejects incorrect length without filtering or breaking sibling outputs (2.7976ms)
✔ seg-regions rejects semantic mismatch without filtering or breaking sibling outputs (3.6148ms)
✔ 1–1, N–N and 1–N remain inclusive at both ends; tooltip AA comes from the master sequence (0.887ms)
✔ native region order, overlaps and duplicates remain intact with distinct selection IDs (1.8203ms)
✔ primary follows is_primary even when a candidate has the larger score (1.1856ms)
✔ invalid primary flags or FuzDrop region labels cannot silently acquire replacement semantics (2.2512ms)
✔ paired normalized snapshot is authoritative and native sequence conflicts isolate the offending method (2.2707ms)
✔ FuzDrop and SEG require sequence hashes paired to the current job (2.0889ms)
✔ validated import provenance is required; direct remote or pasted-only data cannot create tracks (2.1632ms)
✔ native canonical sequence is the fallback when a paired snapshot is unavailable (2.6092ms)
✔ a malformed or unselected native sequence cannot displace another valid sequence fallback (2.6725ms)
✔ FuzDrop coordinate declaration must agree with the common one-based axis (1.9376ms)
✔ native failed status cannot be hidden by a successful execution envelope (3.1954ms)
✔ valid backend-provided zero attribution values remain values rather than missing data (1.161ms)
✔ malformed envelopes and optional arrays produce safe issues without raw diagnostic text (4.5112ms)
✔ mapping deeply frozen input is pure; output edits cannot mutate native values or coordinates (4.2809ms)
✔ empty pLLPS is omitted rather than converted to zero; explicit empty regions survive (3.2777ms)
✔ an explicit zero pLLPS remains supplied data (0.5248ms)
✔ optional score accepts decimal endpoints and scientific notation (0.5952ms)
✔ missing content and missing declarations are rejected independently (0.9893ms)
✔ nonfinite, nondecimal and out-of-range pLLPS cannot become a valid payload (1.9253ms)
✔ exact out-of-range decimals are rejected before boundary rounding can hide them (0.6654ms)
✔ the payload uses the current canonical sequence without client TSV reinterpretation (0.3101ms)
✔ invalid or unnormalized sequence cannot be attached to an import (0.3551ms)
✔ import payload cannot select methods, enable FuzDrop, or set weighted mode (0.3729ms)
✔ UTF-8 files preserve Unicode, BOM and original CRLF bytes after decoding (0.5248ms)
✔ invalid UTF-8, UTF-16 and binary data are rejected without replacement characters (0.6315ms)
✔ file and combined text limits count UTF-8 bytes (76.9649ms)
✔ official links use only audited exact HTTPS destinations, with no query or submitted sequence (0.6066ms)
✔ polling waits one second between sequential GETs and stops at success (7.1225ms)
✔ poll stops normally at partial_success (1.6338ms)
✔ poll stops normally at failed (0.3345ms)
✔ poll stops normally at unavailable (0.4723ms)
✔ poll stops normally at external_result_required (0.285ms)
✔ an initial terminal response needs no extra GET (1.2078ms)
✔ poll failure stops and an explicit retry performs only GET on the same job (4.62ms)
✔ abort while waiting releases the timer without a GET (1.9386ms)
✔ abort during an in-flight request discards a late result (0.6308ms)
✔ old job polling and new job polling remain isolated (25.3951ms)
✔ delay rejects an already-aborted signal immediately (0.4625ms)
✔ origin checks preserve the actual local hostname without Next URL normalization (3.3796ms)
✔ origin checks normalize default ports and IPv6 authorities (0.9415ms)
✔ HTTPS edge termination works when the public Host is preserved (75.3458ms)
✔ missing Origin retains the CLI contract, but a present Origin requires Host (0.4675ms)
✔ opaque, malformed, credentialed, path-bearing and foreign origins are rejected (1.0826ms)
✔ proxy routes only the workspace API methods (0.4133ms)
✔ proxy target requires explicit private server configuration (0.6514ms)
✔ ordinary Feature or Sequence residue clicks update one selection without tab or focus side effects (3.8493ms)
✔ explicit residue links switch only their destination and issue independent focus requests (0.5167ms)
✔ region selection preserves source identity without switching views or forcing either viewport (0.3923ms)
✔ explicit region links focus only the requested viewer and retain inclusive native endpoints (0.4166ms)
✔ repeated explicit navigation increments only the destination request identity (0.2725ms)
✔ table actions have explicit Feature and Sequence destinations over the same selection (0.2959ms)
✔ a new result session starts with no stale residue, region, or scroll targets (0.3278ms)
✔ clearing selection clears both pending focus targets while keeping the current tab (0.3413ms)
✔ invalid external positions or intervals cannot become shared selection targets (0.3454ms)
✔ fixed 50-residue rows preserve 1-based positions and terminal residues (3.9816ms)
✔ 100 residues produce 2 lightweight rows (0.4418ms)
✔ 500 residues produce 10 lightweight rows (0.4193ms)
✔ 1000 residues produce 20 lightweight rows (1.6829ms)
✔ 2000 residues produce 40 lightweight rows (0.5418ms)
✔ 5000 residues produce 100 lightweight rows (1.2743ms)
✔ row lookup is stable at 1, wrap boundaries and N (0.9826ms)
✔ position queries accept a number or matching amino-acid label only (0.6589ms)
✔ keyboard navigation clamps to the protein and uses fixed row boundaries (0.4624ms)
✔ copy helpers convert 1-based inclusive regions exactly once (0.6632ms)
✔ clipboard wrapper reports injected browser success and denial without exposing sequence data (1.0816ms)
✔ real A maps the canonical 248 residues, exact LRECA values and backend critical memberships (18.2279ms)
✔ real B SEG-only maps Yes/No without assuming prediction output and defaults to the LCR mode (9.459ms)
✔ a successful empty region output reports No but does not enable a meaningless color mode (1.3848ms)
✔ real C combines LRECA and SEG independently while FuzDrop is Not imported and DisMeta Unavailable (3.8365ms)
✔ real D uses only the validated synthetic import pDP and native region memberships (4.6773ms)
✔ real E global-only FuzDrop disables both residue modes and keeps N/A distinct from No (2.7898ms)
✔ real H partial success retains LRECA and marks SEG failed without fabricated membership (2.7571ms)
✔ precomputed tooltips retain actual values and never search or replace the canonical residue letter (3.6934ms)
✔ synthetic 1–1, N–N and 1–N native regions extract exact inclusive sequence slices (3.8368ms)
✔ 0, 0.5 and 1 stay exact while display intensity only clamps presentation values (2.7278ms)
✔ null pDP remains N/A while neighboring native values and FuzDrop regions remain available (4.1377ms)
✔ an all-null imported pDP output is N/A and cannot enable a blank color scale (2.7796ms)
✔ malformed NaN pDP isolates its color mode without damaging valid LRECA, FuzDrop regions or SEG (3.2123ms)
✔ a malformed optional region track is isolated and never creates membership from pDP (3.2222ms)
✔ non-array optional values and stale failed tracks are rejected or ignored without throwing (3.9614ms)
✔ deeply frozen Module 7 model maps without mutation and output regions are fresh copies (3.9034ms)
✔ empty and malformed parent models fail safely without inventing residues or enabling DisMeta (0.9452ms)
✔ synthetic 100-residue render fixture maps one lightweight record per 1-based residue (20.0554ms)
✔ synthetic 500-residue render fixture maps one lightweight record per 1-based residue (7.6985ms)
✔ synthetic 1000-residue render fixture maps one lightweight record per 1-based residue (6.1525ms)
✔ synthetic 2000-residue render fixture maps one lightweight record per 1-based residue (11.2624ms)
✔ synthetic 5000-residue render fixture maps one lightweight record per 1-based residue (24.0103ms)
✔ raw input preserves order and normalizes ASCII case and whitespace (6.6779ms)
✔ one FASTA extracts a separate name, including description (0.5049ms)
✔ invalid input produces EMPTY_SEQUENCE:  (0.3512ms)
✔ invalid input produces EMPTY_SEQUENCE:  
	 (0.2014ms)
✔ invalid input produces EMPTY_SEQUENCE: >name
 (0.2059ms)
✔ invalid input produces INVALID_FASTA: > 
ACD (0.16ms)
✔ invalid input produces INVALID_FASTA: ACD
>name
EFG (0.1668ms)
✔ invalid input produces MULTIPLE_FASTA_RECORDS: >a
ACD
>b
EFG (0.269ms)
✔ invalid input produces INVALID_SEQUENCE_TYPE: null (0.3579ms)
✔ invalid input produces INVALID_SEQUENCE_TYPE: 42 (0.3406ms)
✔ unsupported residue "B" is never silently changed (0.4733ms)
✔ unsupported residue "J" is never silently changed (0.2728ms)
✔ unsupported residue "O" is never silently changed (0.2104ms)
✔ unsupported residue "U" is never silently changed (1.2751ms)
✔ unsupported residue "X" is never silently changed (0.1208ms)
✔ unsupported residue "Z" is never silently changed (0.0959ms)
✔ unsupported residue "*" is never silently changed (0.1923ms)
✔ unsupported residue "-" is never silently changed (0.1045ms)
✔ unsupported residue "ß" is never silently changed (0.0925ms)
✔ unsupported residue "ı" is never silently changed (0.2608ms)
✔ unsupported residue "ſ" is never silently changed (0.088ms)
✔ unsupported residue "Ａ" is never silently changed (0.0852ms)
✔ unsupported residue "😀" is never silently changed (0.0729ms)
✔ unsupported residue "﻿" is never silently changed (0.0746ms)
✔ all Python whitespace characters are removed; BOM is not whitespace (0.2017ms)
✔ positions use Unicode code points, not UTF-16 or raw FASTA offsets (0.1447ms)
✔ sequence name validation matches length and category-C restrictions (1.5008ms)
✔ example is the frozen real 248-aa sequence, with verified identity and no predictions (24.3719ms)
✔ no job yields an empty viewer, never a mock sequence or zero-score track (2.3177ms)
✔ all track values, precision, coordinates and semantic types pass through unchanged (4.1364ms)
✔ empty native regions remain available empty data, unlike a missing method (0.388ms)
✔ unavailable KDE stays unavailable while real attribution is preserved (0.3743ms)
✔ failed execution cannot contribute stale native values (0.3057ms)
✔ a newer import never fills or replaces a historical job result (0.403ms)
✔ a regions-only FuzDrop import does not acquire a global score (0.3154ms)
✔ SEG-only viewer uses its paired submitted snapshot, not a current draft (0.4951ms)
✔ a native canonical sequence takes precedence over a stale snapshot (0.3936ms)
✔ zero and missing scores or coverage have distinct display values (0.467ms)
✔ external result required is distinct from failure and neutral unavailability (0.26ms)
✔ unknown reason strings cannot leak arbitrary internal diagnostics (0.3425ms)
✔ 5000 residue rows are paged without filtering, rounding or sorting data (1.0661ms)
✔ pagination clamps stale page state when a shorter result replaces the view (0.2494ms)
ℹ tests 300
ℹ suites 0
ℹ pass 300
ℹ fail 0
ℹ cancelled 0
ℹ skipped 0
ℹ todo 0
ℹ duration_ms 871.7892
