$ node --experimental-strip-types --test tests/*.test.ts
✔ default automatic selection excludes manual and blocked methods even if descriptor is misflagged (5.0614ms)
✔ independent payload supports no methods disabled (1.8524ms)
✔ independent payload supports lreca (0.6954ms)
✔ independent payload supports seg (0.3312ms)
✔ independent payload supports lreca+seg (0.8431ms)
✔ import success requires an explicit toggle before FuzDrop is selected (3.9497ms)
✔ SEG-only remains an annotation request without prediction weights or FuzDrop (1.5252ms)
✔ unavailable selected automatic methods are removed from the request (0.6118ms)
✔ weighted mode is blocked without both usable global predictors {"imported":null} (13.9704ms)
✔ weighted mode is blocked without both usable global predictors {"imported":{"method":"fuzdrop","method_id":"fuzdrop","status":"success","validation_status":"valid","result_id":"fuzdrop_result_test","sequence":"ACD","sequence_length":3,"sequence_sha256":"00e66854ddc46722ac3db985136265f4a24bcbbf0b45103d80cfea510e9217bf","raw_score":0.7,"calibrated_score":0.7,"expires_at":"2026-09-03T14:38:06.020Z"},"useFuzDrop":false} (17.6607ms)
✔ weighted mode is blocked without both usable global predictors {"selectedAutomatic":["seg"]} (0.3318ms)
✔ weighted mode is blocked without both usable global predictors {"imported":{"method":"fuzdrop","method_id":"fuzdrop","status":"success","validation_status":"valid","result_id":"fuzdrop_result_test","sequence":"ACD","sequence_length":3,"sequence_sha256":"00e66854ddc46722ac3db985136265f4a24bcbbf0b45103d80cfea510e9217bf","raw_score":null,"calibrated_score":null,"expires_at":"2026-09-03T14:38:06.023Z"}} (0.1999ms)
✔ weighted mode is blocked without both usable global predictors {"imported":{"method":"fuzdrop","method_id":"fuzdrop","status":"success","validation_status":"valid","result_id":"fuzdrop_result_test","sequence":"ACE","sequence_length":3,"sequence_sha256":"00e66854ddc46722ac3db985136265f4a24bcbbf0b45103d80cfea510e9217bf","raw_score":0.7,"calibrated_score":0.7,"expires_at":"2026-09-03T14:38:06.023Z"}} (0.256ms)
✔ weighted mode is blocked without both usable global predictors {"imported":{"method":"fuzdrop","method_id":"fuzdrop","status":"success","validation_status":"valid","result_id":"fuzdrop_result_test","sequence":"ACD","sequence_length":3,"sequence_sha256":"00e66854ddc46722ac3db985136265f4a24bcbbf0b45103d80cfea510e9217bf","raw_score":0.7,"calibrated_score":0.7,"expires_at":"2000-01-01T00:00:00Z"}} (0.1387ms)
✔ weighted payload forwards exact complementary weights and never calculates a score (0.478ms)
✔ zero global score is present, not missing (0.3696ms)
✔ a malformed import without a global numeric score cannot enable weighted mode (0.4363ms)
✔ weights preserve endpoints and decimals; invalid values cannot run (0.3359ms)
✔ invalid sequence or name cannot be submitted (0.3089ms)
✔ import identity independently verifies the canonical sequence SHA and length (51.425ms)
✔ editing away and back permanently invalidates an accepted import (1.2579ms)
✔ an import arriving after sequence editing is rejected, even during hash validation (0.769ms)
✔ late import responses cannot replace the newest accepted import (0.6913ms)
✔ remove cancels pending import validation; expiry clears its binding (1.5632ms)
✔ input snapshots remain tied to the submitted job and history is in memory only (1.2404ms)
✔ success is terminal and keeps its distinct status (0.162ms)
✔ partial_success is terminal and keeps its distinct status (0.07ms)
✔ failed is terminal and keeps its distinct status (0.0589ms)
✔ unavailable is terminal and keeps its distinct status (0.0594ms)
✔ external_result_required is terminal and keeps its distinct status (0.0585ms)
✔ API calls stay same-origin and preserve all successful DTO values for download (84.6765ms)
✔ method catalog unwraps the real methods envelope (3.5167ms)
✔ FuzDrop sends only the official import contract and retains result ID and null science fields (1.5129ms)
✔ partial_success is a normal job response, including unavailable ensemble (1.17ms)
✔ failed is a normal job response, including unavailable ensemble (0.646ms)
✔ external_result_required is a normal job response, including unavailable ensemble (1.015ms)
✔ safe structured FUZDROP_SEQUENCE_MISMATCH errors never echo body, internal paths, or traceback (1.5081ms)
✔ safe structured ANALYSIS_UNAVAILABLE errors never echo body, internal paths, or traceback (1.0519ms)
✔ safe structured ANALYSIS_JOB_NOT_FOUND errors never echo body, internal paths, or traceback (0.9868ms)
✔ safe structured FUZDROP_IMPORT_TOO_LARGE errors never echo body, internal paths, or traceback (0.7316ms)
✔ unknown errors and malformed JSON use fixed fallback messages (1.1029ms)
✔ proxy REQUEST_TOO_LARGE keeps its code and actionable guidance without exposing server details (0.7751ms)
✔ proxy INVALID_CONTENT_TYPE keeps its code and actionable guidance without exposing server details (0.3421ms)
✔ proxy INVALID_REQUEST_ORIGIN keeps its code and actionable guidance without exposing server details (0.319ms)
✔ proxy API_ROUTE_NOT_FOUND keeps its code and actionable guidance without exposing server details (0.3284ms)
✔ network failure becomes a friendly safe error; abort retains cancellation semantics (1.7939ms)
✔ abort while reading the response body remains cancellation rather than a visible service error (1.354ms)
✔ invalid IDs cannot be used to construct a different request path (0.296ms)
✔ a response for another job cannot replace the requested job (0.5059ms)
✔ unknown job statuses and malformed catalog are rejected (1.0466ms)
✔ domains remain integer 1-based inclusive and invalid sequence lengths are not invented (42.5051ms)
✔ every residue round-trips through one common pixel mapping at length 1 (1.9192ms)
✔ every residue round-trips through one common pixel mapping at length 2 (0.2641ms)
✔ every residue round-trips through one common pixel mapping at length 100 (1.2401ms)
✔ every residue round-trips through one common pixel mapping at length 500 (6.823ms)
✔ every residue round-trips through one common pixel mapping at length 1000 (1.09ms)
✔ every residue round-trips through one common pixel mapping at length 2000 (5.689ms)
✔ every residue round-trips through one common pixel mapping at length 5000 (5.0917ms)
✔ zoomed coordinate round trips retain native positions, not local zero indices (1.5349ms)
✔ one-residue and terminal regions are visible and hit-testable without changing native coordinates (0.8925ms)
✔ region clipping uses inclusive cells and hides only fully out-of-view regions (0.3944ms)
✔ pan preserves span at both sequence boundaries and reset is exact (0.9037ms)
✔ wheel zoom stays anchored and cannot escape the sequence or stop above one residue (0.5924ms)
✔ focus creates a bounded native interval and preserves single-residue regions (0.3658ms)
✔ coordinate ticks always include the visible first and last residues with no zero (0.4915ms)
✔ paint and hit-test use identical terminal bounds and return original region objects (0.7263ms)
✔ overlap lanes preserve duplicates and primary status without deriving a winner (0.6477ms)
✔ empty successful region tracks remain rows but cannot produce a region hit (0.2469ms)
✔ KDE visual scaling retains signed values and never substitutes probabilities (0.4411ms)
✔ canvas timing retains first, latest and maximum completed draw, excluding hidden or unsupported canvas (3.8497ms)
✔ the test route requires the exact explicit server flag (3.9161ms)
✔ the 100-residue synthetic fixture maps to the six production tracks (36.6531ms)
✔ the 500-residue synthetic fixture maps to the six production tracks (65.7833ms)
✔ the 1000-residue synthetic fixture maps to the six production tracks (8.6345ms)
✔ the 2000-residue synthetic fixture maps to the six production tracks (8.7381ms)
✔ the 5000-residue synthetic fixture maps to the six production tracks (32.6094ms)
✔ native missing pDP stays null and duplicate overlapping regions keep independent identities (7.9911ms)
✔ first, last, and single-residue boundaries are exercised with inclusive tooltips (3.8594ms)
✔ a new analysis changes identity and regenerated fixtures do not share mutable arrays (5.5269ms)
✔ the malformed pDP scenario rejects only its residue track and retains the other five exactly (10.848ms)
✔ unsupported lengths and invalid fixture revisions fail without truncation (23.028ms)
✔ performance summaries report missing measurements as null rather than zero (0.537ms)
✔ performance statistics use actual finite observations and nearest-rank p95 per event (0.3932ms)
✔ the explicitly synthetic global-only import material has no invented residue or region data (21.574ms)
✔ table residue focus, shared domain and tooltip preserve all native values at three plot widths (9.9634ms)
✔ native SEG table regions focus, paint and hit-test on the same inclusive sequence coordinates (19.5435ms)
✔ the shared FuzDrop endpoint keeps both native memberships while hit testing selects a distinct lane (7.2795ms)
✔ hiding, brushing, panning and resetting change presentation without changing downloadable evidence (13.3191ms)
✔ the actual partial-success job renders retained LRECA evidence and no artificial SEG bars (2.7806ms)
✔ switching actual analysis IDs resets zoom and visibility while polling the same job preserves them (10.8447ms)
✔ a rejected optional pDP array leaves other rows hit-testable without converting absence into zero (5.9321ms)
✔ zoom, visibility, and pan mode are visual state and do not mutate earlier state (5.3095ms)
✔ reset zoom retains a user hidden track, while a new analysis clears visual state (0.6633ms)
✔ external domain requests remain integer 1-based inclusive and within this protein (0.3948ms)
✔ no analysis has no invented sequence, residue values, regions, or IDR track (29.898ms)
✔ real LRECA full response retains the native values, precision, semantics, and primary flags (5.2602ms)
✔ real SEG-only analysis has one aligned annotation track and never needs LRECA (7.5273ms)
✔ real combined C keeps the scientific track order and separates FuzDrop/DisMeta states (2.4165ms)
✔ real normalized FuzDrop values and regions map after LRECA and before SEG without Sbind substitution (11.0166ms)
✔ FuzDrop global-only import generates neither a propensity curve nor inferred regions (2.2201ms)
✔ FuzDrop regions-only and residue-only imports independently expose their supplied outputs (12.3428ms)
✔ all-null pDP produces N/A instead of a zero curve; mixed nulls remain actual gaps (6.5691ms)
✔ successful empty regions mean No, missing output N/A, unimported FuzDrop Not imported, blocked DisMeta Unavailable (3.9628ms)
✔ actual test-only H partial success preserves LRECA while SEG is Failed, not No (2.4563ms)
✔ queued execution never exposes stale successful arrays (1.0865ms)
✔ running execution never exposes stale successful arrays (0.7709ms)
✔ failed execution never exposes stale successful arrays (0.6841ms)
✔ unavailable execution never exposes stale successful arrays (0.844ms)
✔ skipped execution never exposes stale successful arrays (0.6935ms)
✔ external-result-required is Not imported while a forged DisMeta success still has no track (2.3415ms)
✔ unselected native payloads cannot add an output to a historical job (2.0097ms)
✔ successful global-only LRECA and unavailable KDE do not get zero attribution/density (3.6568ms)
✔ lreca-attribution length is isolated from every other optional track (2.6126ms)
✔ lreca-attribution zero position is isolated from every other optional track (2.0393ms)
✔ lreca-attribution duplicate position is isolated from every other optional track (2.3324ms)
✔ lreca-attribution out-of-range position is isolated from every other optional track (2.3827ms)
✔ lreca-attribution wrong aa is isolated from every other optional track (3.0515ms)
✔ lreca-attribution wrong semantic is isolated from every other optional track (21.3663ms)
✔ lreca-attribution negative score is isolated from every other optional track (3.8629ms)
✔ lreca-attribution score above one is isolated from every other optional track (3.5298ms)
✔ lreca-attribution NaN is isolated from every other optional track (2.5554ms)
✔ lreca-attribution Infinity is isolated from every other optional track (3.6226ms)
✔ lreca-attribution boolean is isolated from every other optional track (2.1965ms)
✔ lreca-attribution missing score is isolated from every other optional track (4.2765ms)
✔ fuzdrop-propensity length is isolated from every other optional track (2.7078ms)
✔ fuzdrop-propensity zero position is isolated from every other optional track (3.7156ms)
✔ fuzdrop-propensity duplicate position is isolated from every other optional track (1.9727ms)
✔ fuzdrop-propensity out-of-range position is isolated from every other optional track (5.4242ms)
✔ fuzdrop-propensity wrong aa is isolated from every other optional track (2.6795ms)
✔ fuzdrop-propensity wrong semantic is isolated from every other optional track (4.0366ms)
✔ fuzdrop-propensity negative score is isolated from every other optional track (4.0919ms)
✔ fuzdrop-propensity score above one is isolated from every other optional track (2.465ms)
✔ fuzdrop-propensity NaN is isolated from every other optional track (2.3308ms)
✔ fuzdrop-propensity Infinity is isolated from every other optional track (2.2616ms)
✔ fuzdrop-propensity boolean is isolated from every other optional track (2.7049ms)
✔ fuzdrop-propensity missing score is isolated from every other optional track (4.0731ms)
✔ pDP name is checked independently of Sbind, and null LRECA attribution is invalid (3.2887ms)
✔ KDE invalid NaN stays isolated (3.14ms)
✔ KDE invalid Infinity stays isolated (5.1158ms)
✔ KDE invalid null stays isolated (6.48ms)
✔ KDE invalid true stays isolated (7.4589ms)
✔ KDE invalid 0.5 stays isolated (2.712ms)
✔ KDE density supports finite values outside [0,1] without probability clipping or recalculation (5.4447ms)
✔ short or wrongly typed KDE arrays are invalid without affecting critical regions (2.7085ms)
✔ lreca-critical rejects zero without filtering or breaking sibling outputs (2.3186ms)
✔ lreca-critical rejects negative without filtering or breaking sibling outputs (3.9262ms)
✔ lreca-critical rejects reversed without filtering or breaking sibling outputs (2.5334ms)
✔ lreca-critical rejects outside without filtering or breaking sibling outputs (2.4069ms)
✔ lreca-critical rejects fractional without filtering or breaking sibling outputs (2.5369ms)
✔ lreca-critical rejects string coordinate without filtering or breaking sibling outputs (4.4874ms)
✔ lreca-critical rejects boolean coordinate without filtering or breaking sibling outputs (3.6249ms)
✔ lreca-critical rejects incorrect length without filtering or breaking sibling outputs (3.8221ms)
✔ lreca-critical rejects semantic mismatch without filtering or breaking sibling outputs (2.2179ms)
✔ fuzdrop-regions rejects zero without filtering or breaking sibling outputs (1.6783ms)
✔ fuzdrop-regions rejects negative without filtering or breaking sibling outputs (2.0819ms)
✔ fuzdrop-regions rejects reversed without filtering or breaking sibling outputs (2.2228ms)
✔ fuzdrop-regions rejects outside without filtering or breaking sibling outputs (2.3371ms)
✔ fuzdrop-regions rejects fractional without filtering or breaking sibling outputs (3.6042ms)
✔ fuzdrop-regions rejects string coordinate without filtering or breaking sibling outputs (2.3317ms)
✔ fuzdrop-regions rejects boolean coordinate without filtering or breaking sibling outputs (3.2002ms)
✔ fuzdrop-regions rejects incorrect length without filtering or breaking sibling outputs (2.1332ms)
✔ fuzdrop-regions rejects semantic mismatch without filtering or breaking sibling outputs (2.6036ms)
✔ seg-regions rejects zero without filtering or breaking sibling outputs (2.6631ms)
✔ seg-regions rejects negative without filtering or breaking sibling outputs (2.2149ms)
✔ seg-regions rejects reversed without filtering or breaking sibling outputs (2.1682ms)
✔ seg-regions rejects outside without filtering or breaking sibling outputs (1.9462ms)
✔ seg-regions rejects fractional without filtering or breaking sibling outputs (1.9164ms)
✔ seg-regions rejects string coordinate without filtering or breaking sibling outputs (2.1723ms)
✔ seg-regions rejects boolean coordinate without filtering or breaking sibling outputs (3.4486ms)
✔ seg-regions rejects incorrect length without filtering or breaking sibling outputs (2.2046ms)
✔ seg-regions rejects semantic mismatch without filtering or breaking sibling outputs (2.5524ms)
✔ 1–1, N–N and 1–N remain inclusive at both ends; tooltip AA comes from the master sequence (0.6603ms)
✔ native region order, overlaps and duplicates remain intact with distinct selection IDs (2.946ms)
✔ primary follows is_primary even when a candidate has the larger score (0.7323ms)
✔ invalid primary flags or FuzDrop region labels cannot silently acquire replacement semantics (2.8462ms)
✔ paired normalized snapshot is authoritative and native sequence conflicts isolate the offending method (4.8375ms)
✔ FuzDrop and SEG require sequence hashes paired to the current job (4.2429ms)
✔ validated import provenance is required; direct remote or pasted-only data cannot create tracks (2.5814ms)
✔ native canonical sequence is the fallback when a paired snapshot is unavailable (2.6293ms)
✔ a malformed or unselected native sequence cannot displace another valid sequence fallback (2.2333ms)
✔ FuzDrop coordinate declaration must agree with the common one-based axis (2.4396ms)
✔ native failed status cannot be hidden by a successful execution envelope (2.876ms)
✔ valid backend-provided zero attribution values remain values rather than missing data (1.113ms)
✔ malformed envelopes and optional arrays produce safe issues without raw diagnostic text (3.3339ms)
✔ mapping deeply frozen input is pure; output edits cannot mutate native values or coordinates (4.2774ms)
✔ empty pLLPS is omitted rather than converted to zero; explicit empty regions survive (3.6738ms)
✔ an explicit zero pLLPS remains supplied data (0.6129ms)
✔ optional score accepts decimal endpoints and scientific notation (1.5991ms)
✔ missing content and missing declarations are rejected independently (1.0854ms)
✔ nonfinite, nondecimal and out-of-range pLLPS cannot become a valid payload (2.8924ms)
✔ exact out-of-range decimals are rejected before boundary rounding can hide them (1.4052ms)
✔ the payload uses the current canonical sequence without client TSV reinterpretation (0.9309ms)
✔ invalid or unnormalized sequence cannot be attached to an import (0.604ms)
✔ import payload cannot select methods, enable FuzDrop, or set weighted mode (0.4336ms)
✔ UTF-8 files preserve Unicode, BOM and original CRLF bytes after decoding (0.5149ms)
✔ invalid UTF-8, UTF-16 and binary data are rejected without replacement characters (0.462ms)
✔ file and combined text limits count UTF-8 bytes (45.9478ms)
✔ official links use only audited exact HTTPS destinations, with no query or submitted sequence (0.3683ms)
✔ polling waits one second between sequential GETs and stops at success (8.5037ms)
✔ poll stops normally at partial_success (0.5779ms)
✔ poll stops normally at failed (0.2018ms)
✔ poll stops normally at unavailable (0.1715ms)
✔ poll stops normally at external_result_required (0.1795ms)
✔ an initial terminal response needs no extra GET (0.3036ms)
✔ poll failure stops and an explicit retry performs only GET on the same job (1.9684ms)
✔ abort while waiting releases the timer without a GET (1.6424ms)
✔ abort during an in-flight request discards a late result (2.1606ms)
✔ old job polling and new job polling remain isolated (1.4826ms)
✔ delay rejects an already-aborted signal immediately (0.5293ms)
✔ origin checks preserve the actual local hostname without Next URL normalization (3.695ms)
✔ origin checks normalize default ports and IPv6 authorities (0.9685ms)
✔ HTTPS edge termination works when the public Host is preserved (95.8611ms)
✔ missing Origin retains the CLI contract, but a present Origin requires Host (2.2939ms)
✔ opaque, malformed, credentialed, path-bearing and foreign origins are rejected (1.0581ms)
✔ proxy routes only the workspace API methods (1.7346ms)
✔ proxy target requires explicit private server configuration (0.831ms)
✔ raw input preserves order and normalizes ASCII case and whitespace (10.921ms)
✔ one FASTA extracts a separate name, including description (0.8221ms)
✔ invalid input produces EMPTY_SEQUENCE:  (0.414ms)
✔ invalid input produces EMPTY_SEQUENCE:  
	 (0.1942ms)
✔ invalid input produces EMPTY_SEQUENCE: >name
 (0.2599ms)
✔ invalid input produces INVALID_FASTA: > 
ACD (0.1664ms)
✔ invalid input produces INVALID_FASTA: ACD
>name
EFG (0.17ms)
✔ invalid input produces MULTIPLE_FASTA_RECORDS: >a
ACD
>b
EFG (0.2075ms)
✔ invalid input produces INVALID_SEQUENCE_TYPE: null (1.2253ms)
✔ invalid input produces INVALID_SEQUENCE_TYPE: 42 (1.1193ms)
✔ unsupported residue "B" is never silently changed (0.3274ms)
✔ unsupported residue "J" is never silently changed (0.291ms)
✔ unsupported residue "O" is never silently changed (0.1533ms)
✔ unsupported residue "U" is never silently changed (0.1841ms)
✔ unsupported residue "X" is never silently changed (0.1438ms)
✔ unsupported residue "Z" is never silently changed (0.1091ms)
✔ unsupported residue "*" is never silently changed (0.128ms)
✔ unsupported residue "-" is never silently changed (0.0916ms)
✔ unsupported residue "ß" is never silently changed (0.0863ms)
✔ unsupported residue "ı" is never silently changed (0.2371ms)
✔ unsupported residue "ſ" is never silently changed (0.1233ms)
✔ unsupported residue "Ａ" is never silently changed (0.1205ms)
✔ unsupported residue "😀" is never silently changed (0.1403ms)
✔ unsupported residue "﻿" is never silently changed (0.2666ms)
✔ all Python whitespace characters are removed; BOM is not whitespace (0.1997ms)
✔ positions use Unicode code points, not UTF-16 or raw FASTA offsets (0.1594ms)
✔ sequence name validation matches length and category-C restrictions (1.5174ms)
✔ example is the frozen real 248-aa sequence, with verified identity and no predictions (23.5329ms)
✔ no job yields an empty viewer, never a mock sequence or zero-score track (2.7858ms)
✔ all track values, precision, coordinates and semantic types pass through unchanged (4.6482ms)
✔ empty native regions remain available empty data, unlike a missing method (0.4623ms)
✔ unavailable KDE stays unavailable while real attribution is preserved (0.6206ms)
✔ failed execution cannot contribute stale native values (0.3121ms)
✔ a newer import never fills or replaces a historical job result (0.4162ms)
✔ a regions-only FuzDrop import does not acquire a global score (0.3234ms)
✔ SEG-only viewer uses its paired submitted snapshot, not a current draft (0.3391ms)
✔ a native canonical sequence takes precedence over a stale snapshot (0.3168ms)
✔ zero and missing scores or coverage have distinct display values (0.4922ms)
✔ external result required is distinct from failure and neutral unavailability (0.7367ms)
✔ unknown reason strings cannot leak arbitrary internal diagnostics (0.3743ms)
✔ 5000 residue rows are paged without filtering, rounding or sorting data (3.1064ms)
✔ pagination clamps stale page state when a shorter result replaces the view (0.382ms)
ℹ tests 258
ℹ suites 0
ℹ pass 258
ℹ fail 0
ℹ cancelled 0
ℹ skipped 0
ℹ todo 0
ℹ duration_ms 970.7958
