{
  "check_count": 93,
  "checks": {
    "all_deployment_files_exist": true,
    "api_cache_is_private_no_store": true,
    "application_images_read_only": true,
    "application_services_are_explicitly_nonroot": true,
    "application_services_are_explicitly_read_only": true,
    "backend_defaults_to_one_scheduler_process": true,
    "backend_python_is_pinned": true,
    "backup_refuses_overwrite": true,
    "backup_uses_pg_dump_custom": true,
    "caddy_header_content-security-policy": true,
    "caddy_header_referrer-policy": true,
    "caddy_header_x-content-type-options": true,
    "caddy_header_x-frame-options": true,
    "caddy_limits_request_body": true,
    "caddy_pinned": true,
    "caddy_routes_api_to_backend": true,
    "caddy_routes_ui_to_frontend": true,
    "checkpoint_mount_is_read_only": true,
    "checkpoint_never_copied": true,
    "critical_dependency_conditions_declared": true,
    "dockerignore_**/*.db": true,
    "dockerignore_**/*.dump": true,
    "dockerignore_**/*.key": true,
    "dockerignore_**/*.pem": true,
    "dockerignore_**/*.pt": true,
    "dockerignore_**/*.sql.gz": true,
    "dockerignore_**/acme.json": true,
    "dockerignore_**/node_modules": true,
    "dockerignore_.env": true,
    "dockerignore_.git": true,
    "dockerignore_backups": true,
    "dockerignore_certs": true,
    "dockerignore_exports": true,
    "dockerignore_frontend/.next": true,
    "dockerignore_models": true,
    "dockerignore_secrets": true,
    "env_example_has_no_private_key": true,
    "every_long_running_service_has_healthcheck": true,
    "frontend_does_not_use_next_dev": true,
    "frontend_is_multistage": true,
    "frontend_node_is_pinned": true,
    "frontend_uses_production_server": true,
    "future_domain_config_is_inactive": true,
    "gitignore_*.key": true,
    "gitignore_*.pem": true,
    "gitignore_*.pt": true,
    "gitignore_.env": true,
    "gitignore_backups/": true,
    "gitignore_exports/": true,
    "gitignore_postgres-data/": true,
    "gitignore_redis-data/": true,
    "healthchecks_declared": true,
    "internal_network_declared": true,
    "local_application_images_versioned": true,
    "local_caddy_disables_https": true,
    "long_running_services_restart": true,
    "lreca_commit_is_pinned": true,
    "lreca_has_one_model_process": true,
    "lreca_python_is_pinned": true,
    "lreca_runtime_retains_git_identity": true,
    "lreca_source_and_git_objects_reject_model_weights": true,
    "lreca_source_fetch_excludes_unneeded_blobs": true,
    "lreca_sparse_source_is_explicitly_allowlisted": true,
    "lreca_uses_separate_service_and_science_environments": true,
    "migration_is_one_shot": true,
    "no_docker_socket_mount": true,
    "no_latest_image_tags": true,
    "no_privileged_or_host_namespace_modes": true,
    "no_windows_absolute_paths": true,
    "only_one_host_ports_mapping": true,
    "only_reverse_proxy_publishes_port": true,
    "parsed_only_reverse_proxy_publishes_port": true,
    "postgres_named_volume": true,
    "postgres_pinned": true,
    "redis_aof_enabled": true,
    "redis_named_volume": true,
    "redis_pinned": true,
    "required_environment_documented": true,
    "required_services_declared": true,
    "restore_is_transactional": true,
    "restore_requires_explicit_flag": true,
    "runtime_users_are_nonroot": true,
    "secret_placeholders_are_nonliteral": true,
    "seg_build_runs_sequence_probe": true,
    "seg_build_runs_version": true,
    "seg_uses_pinned_installer": true,
    "service_blocks_parse_exactly": true,
    "worker_health_binds_container_and_queue": true,
    "worker_health_is_installed_and_invoked": true,
    "worker_health_rejects_stale_or_suspended_registration": true,
    "worker_health_uses_rq_registration_api": true,
    "worker_python_is_pinned": true,
    "x64_scientific_services_are_explicit": true
  },
  "docker_build_or_runtime_claim": "not_performed_by_this_static_check",
  "docker_runtime_required": false,
  "failures": [],
  "status": "passed"
}
