$ next build
▲ Next.js 16.3.4 (Turbopack)
- Environments: .env.local
✓ Running next.config.ts took 68ms
Attention: Next.js now collects completely anonymous telemetry regarding usage.
This information is used to shape Next.js' roadmap and prioritize features.
You can learn more, including how to opt-out if you'd not like to participate in this anonymous program, by visiting the following URL:
https://nextjs.org/telemetry


  Creating an optimized production build ...
✓ Compiled successfully in 1310ms
  Running TypeScript ...
  Finished TypeScript in 2.3s ...
  Collecting page data using 7 workers ...
  Generating static pages using 7 workers (0/2) ...
✓ Generating static pages using 7 workers (2/2) in 663ms
  Finalizing page optimization ...

Route (app)
┌ ƒ /
├ ○ /_not-found
├ ƒ /api/v1/[...path]
├ ƒ /dev/feature-viewer
└ ƒ /dev/sequence-viewer


○  (Static)   prerendered as static content
ƒ  (Dynamic)  server-rendered on demand

