$ node --experimental-strip-types --test tests/*.test.ts
✔ default automatic selection excludes manual and blocked methods even if descriptor is misflagged (4.7316ms)
✔ independent payload supports no methods disabled (3.4092ms)
✔ independent payload supports lreca (0.6919ms)
✔ independent payload supports seg (0.338ms)
✔ independent payload supports lreca+seg (0.3421ms)
✔ import success requires an explicit toggle before FuzDrop is selected (0.922ms)
✔ SEG-only remains an annotation request without prediction weights or FuzDrop (0.5197ms)
✔ unavailable selected automatic methods are removed from the request (0.4674ms)
✔ weighted mode is blocked without both usable global predictors {"imported":null} (1.1432ms)
✔ weighted mode is blocked without both usable global predictors {"imported":{"method":"fuzdrop","method_id":"fuzdrop","status":"success","validation_status":"valid","result_id":"fuzdrop_result_test","sequence":"ACD","sequence_length":3,"sequence_sha256":"00e66854ddc46722ac3db985136265f4a24bcbbf0b45103d80cfea510e9217bf","raw_score":0.7,"calibrated_score":0.7,"expires_at":"2026-09-03T13:47:57.734Z"},"useFuzDrop":false} (0.9423ms)
✔ weighted mode is blocked without both usable global predictors {"selectedAutomatic":["seg"]} (0.2668ms)
✔ weighted mode is blocked without both usable global predictors {"imported":{"method":"fuzdrop","method_id":"fuzdrop","status":"success","validation_status":"valid","result_id":"fuzdrop_result_test","sequence":"ACD","sequence_length":3,"sequence_sha256":"00e66854ddc46722ac3db985136265f4a24bcbbf0b45103d80cfea510e9217bf","raw_score":null,"calibrated_score":null,"expires_at":"2026-09-03T13:47:57.740Z"}} (0.2129ms)
✔ weighted mode is blocked without both usable global predictors {"imported":{"method":"fuzdrop","method_id":"fuzdrop","status":"success","validation_status":"valid","result_id":"fuzdrop_result_test","sequence":"ACE","sequence_length":3,"sequence_sha256":"00e66854ddc46722ac3db985136265f4a24bcbbf0b45103d80cfea510e9217bf","raw_score":0.7,"calibrated_score":0.7,"expires_at":"2026-09-03T13:47:57.740Z"}} (0.1403ms)
✔ weighted mode is blocked without both usable global predictors {"imported":{"method":"fuzdrop","method_id":"fuzdrop","status":"success","validation_status":"valid","result_id":"fuzdrop_result_test","sequence":"ACD","sequence_length":3,"sequence_sha256":"00e66854ddc46722ac3db985136265f4a24bcbbf0b45103d80cfea510e9217bf","raw_score":0.7,"calibrated_score":0.7,"expires_at":"2000-01-01T00:00:00Z"}} (0.1454ms)
✔ weighted payload forwards exact complementary weights and never calculates a score (1.548ms)
✔ zero global score is present, not missing (0.3166ms)
✔ a malformed import without a global numeric score cannot enable weighted mode (0.2649ms)
✔ weights preserve endpoints and decimals; invalid values cannot run (0.3772ms)
✔ invalid sequence or name cannot be submitted (1.0356ms)
✔ import identity independently verifies the canonical sequence SHA and length (63.3115ms)
✔ editing away and back permanently invalidates an accepted import (1.0519ms)
✔ an import arriving after sequence editing is rejected, even during hash validation (0.599ms)
✔ late import responses cannot replace the newest accepted import (0.7135ms)
✔ remove cancels pending import validation; expiry clears its binding (4.6909ms)
✔ input snapshots remain tied to the submitted job and history is in memory only (0.6988ms)
✔ success is terminal and keeps its distinct status (0.6357ms)
✔ partial_success is terminal and keeps its distinct status (0.0948ms)
✔ failed is terminal and keeps its distinct status (0.0631ms)
✔ unavailable is terminal and keeps its distinct status (0.0605ms)
✔ external_result_required is terminal and keeps its distinct status (0.0529ms)
✔ API calls stay same-origin and preserve all successful DTO values for download (80.7015ms)
✔ method catalog unwraps the real methods envelope (3.6193ms)
✔ FuzDrop sends only the official import contract and retains result ID and null science fields (1.8368ms)
✔ partial_success is a normal job response, including unavailable ensemble (4.6698ms)
✔ failed is a normal job response, including unavailable ensemble (5.4769ms)
✔ external_result_required is a normal job response, including unavailable ensemble (0.8088ms)
✔ safe structured FUZDROP_SEQUENCE_MISMATCH errors never echo body, internal paths, or traceback (2.0438ms)
✔ safe structured ANALYSIS_UNAVAILABLE errors never echo body, internal paths, or traceback (1.096ms)
✔ safe structured ANALYSIS_JOB_NOT_FOUND errors never echo body, internal paths, or traceback (1.0835ms)
✔ safe structured FUZDROP_IMPORT_TOO_LARGE errors never echo body, internal paths, or traceback (6.6098ms)
✔ unknown errors and malformed JSON use fixed fallback messages (1.5872ms)
✔ proxy REQUEST_TOO_LARGE keeps its code and actionable guidance without exposing server details (0.7318ms)
✔ proxy INVALID_CONTENT_TYPE keeps its code and actionable guidance without exposing server details (0.4679ms)
✔ proxy INVALID_REQUEST_ORIGIN keeps its code and actionable guidance without exposing server details (0.4053ms)
✔ proxy API_ROUTE_NOT_FOUND keeps its code and actionable guidance without exposing server details (0.8291ms)
✔ network failure becomes a friendly safe error; abort retains cancellation semantics (0.6877ms)
✔ abort while reading the response body remains cancellation rather than a visible service error (0.7995ms)
✔ invalid IDs cannot be used to construct a different request path (0.4779ms)
✔ a response for another job cannot replace the requested job (0.7761ms)
✔ unknown job statuses and malformed catalog are rejected (8.7692ms)
✔ empty pLLPS is omitted rather than converted to zero; explicit empty regions survive (6.1528ms)
✔ an explicit zero pLLPS remains supplied data (0.6488ms)
✔ optional score accepts decimal endpoints and scientific notation (0.6264ms)
✔ missing content and missing declarations are rejected independently (4.5461ms)
✔ nonfinite, nondecimal and out-of-range pLLPS cannot become a valid payload (0.7606ms)
✔ exact out-of-range decimals are rejected before boundary rounding can hide them (3.8763ms)
✔ the payload uses the current canonical sequence without client TSV reinterpretation (0.4929ms)
✔ invalid or unnormalized sequence cannot be attached to an import (1.1769ms)
✔ import payload cannot select methods, enable FuzDrop, or set weighted mode (0.4252ms)
✔ UTF-8 files preserve Unicode, BOM and original CRLF bytes after decoding (0.6241ms)
✔ invalid UTF-8, UTF-16 and binary data are rejected without replacement characters (0.4784ms)
✔ file and combined text limits count UTF-8 bytes (53.1082ms)
✔ official links use only audited exact HTTPS destinations, with no query or submitted sequence (0.5791ms)
✔ polling waits one second between sequential GETs and stops at success (25.7618ms)
✔ poll stops normally at partial_success (0.5108ms)
✔ poll stops normally at failed (0.3081ms)
✔ poll stops normally at unavailable (0.3439ms)
✔ poll stops normally at external_result_required (0.2376ms)
✔ an initial terminal response needs no extra GET (0.2981ms)
✔ poll failure stops and an explicit retry performs only GET on the same job (1.3905ms)
✔ abort while waiting releases the timer without a GET (0.7494ms)
✔ abort during an in-flight request discards a late result (0.4791ms)
✔ old job polling and new job polling remain isolated (0.6209ms)
✔ delay rejects an already-aborted signal immediately (0.3254ms)
✔ origin checks preserve the actual local hostname without Next URL normalization (2.988ms)
✔ origin checks normalize default ports and IPv6 authorities (0.5863ms)
✔ HTTPS edge termination works when the public Host is preserved (87.7026ms)
✔ missing Origin retains the CLI contract, but a present Origin requires Host (0.2562ms)
✔ opaque, malformed, credentialed, path-bearing and foreign origins are rejected (0.4376ms)
✔ proxy routes only the workspace API methods (0.4442ms)
✔ proxy target requires explicit private server configuration (0.4714ms)
✔ raw input preserves order and normalizes ASCII case and whitespace (6.4129ms)
✔ one FASTA extracts a separate name, including description (0.6463ms)
✔ invalid input produces EMPTY_SEQUENCE:  (0.481ms)
✔ invalid input produces EMPTY_SEQUENCE:  
	 (4.363ms)
✔ invalid input produces EMPTY_SEQUENCE: >name
 (0.3324ms)
✔ invalid input produces INVALID_FASTA: > 
ACD (0.1759ms)
✔ invalid input produces INVALID_FASTA: ACD
>name
EFG (0.2132ms)
✔ invalid input produces MULTIPLE_FASTA_RECORDS: >a
ACD
>b
EFG (0.1682ms)
✔ invalid input produces INVALID_SEQUENCE_TYPE: null (1.4973ms)
✔ invalid input produces INVALID_SEQUENCE_TYPE: 42 (0.4437ms)
✔ unsupported residue "B" is never silently changed (0.4187ms)
✔ unsupported residue "J" is never silently changed (0.1844ms)
✔ unsupported residue "O" is never silently changed (0.2657ms)
✔ unsupported residue "U" is never silently changed (0.1621ms)
✔ unsupported residue "X" is never silently changed (0.1054ms)
✔ unsupported residue "Z" is never silently changed (0.0959ms)
✔ unsupported residue "*" is never silently changed (0.1385ms)
✔ unsupported residue "-" is never silently changed (0.13ms)
✔ unsupported residue "ß" is never silently changed (0.0946ms)
✔ unsupported residue "ı" is never silently changed (0.326ms)
✔ unsupported residue "ſ" is never silently changed (0.0882ms)
✔ unsupported residue "Ａ" is never silently changed (0.0892ms)
✔ unsupported residue "😀" is never silently changed (0.3033ms)
✔ unsupported residue "﻿" is never silently changed (0.1715ms)
✔ all Python whitespace characters are removed; BOM is not whitespace (0.2145ms)
✔ positions use Unicode code points, not UTF-16 or raw FASTA offsets (0.3523ms)
✔ sequence name validation matches length and category-C restrictions (4.0069ms)
✔ example is the frozen real 248-aa sequence, with verified identity and no predictions (38.1631ms)
✔ no job yields an empty viewer, never a mock sequence or zero-score track (2.3026ms)
✔ all track values, precision, coordinates and semantic types pass through unchanged (4.6422ms)
✔ empty native regions remain available empty data, unlike a missing method (0.583ms)
✔ unavailable KDE stays unavailable while real attribution is preserved (0.4405ms)
✔ failed execution cannot contribute stale native values (0.4502ms)
✔ a newer import never fills or replaces a historical job result (5.3479ms)
✔ a regions-only FuzDrop import does not acquire a global score (0.5615ms)
✔ SEG-only viewer uses its paired submitted snapshot, not a current draft (0.4176ms)
✔ a native canonical sequence takes precedence over a stale snapshot (0.7411ms)
✔ zero and missing scores or coverage have distinct display values (0.4692ms)
✔ external result required is distinct from failure and neutral unavailability (0.5639ms)
✔ unknown reason strings cannot leak arbitrary internal diagnostics (0.5303ms)
✔ 5000 residue rows are paged without filtering, rounding or sorting data (4.3919ms)
✔ pagination clamps stale page state when a shorter result replaces the view (0.5157ms)
ℹ tests 123
ℹ suites 0
ℹ pass 123
ℹ fail 0
ℹ cancelled 0
ℹ skipped 0
ℹ todo 0
ℹ duration_ms 505.0257
