$ node --experimental-strip-types --test tests/*.test.ts
✔ a valid existing anonymous session is reused and refreshed for maximum retention (4.4314ms)
✔ an invalid or missing session is replaced without weakening local HTTP support (0.5971ms)
✔ default automatic selection excludes manual and blocked methods even if descriptor is misflagged (3.9105ms)
✔ independent payload supports no methods disabled (1.8064ms)
✔ independent payload supports lreca (0.5737ms)
✔ independent payload supports seg (0.2676ms)
✔ independent payload supports lreca+seg (0.3081ms)
✔ import success requires an explicit toggle before FuzDrop is selected (0.6025ms)
✔ SEG-only remains an annotation request without prediction weights or FuzDrop (0.289ms)
✔ unavailable selected automatic methods are removed from the request (0.3301ms)
✔ weighted mode is blocked without both usable global predictors {"imported":null} (0.436ms)
✔ weighted mode is blocked without both usable global predictors {"imported":{"method":"fuzdrop","method_id":"fuzdrop","status":"success","validation_status":"valid","result_id":"fuzdrop_result_test","sequence":"ACD","sequence_length":3,"sequence_sha256":"00e66854ddc46722ac3db985136265f4a24bcbbf0b45103d80cfea510e9217bf","raw_score":0.7,"calibrated_score":0.7,"expires_at":"2026-09-04T03:54:17.990Z"},"useFuzDrop":false} (0.3426ms)
✔ weighted mode is blocked without both usable global predictors {"selectedAutomatic":["seg"]} (0.2702ms)
✔ weighted mode is blocked without both usable global predictors {"imported":{"method":"fuzdrop","method_id":"fuzdrop","status":"success","validation_status":"valid","result_id":"fuzdrop_result_test","sequence":"ACD","sequence_length":3,"sequence_sha256":"00e66854ddc46722ac3db985136265f4a24bcbbf0b45103d80cfea510e9217bf","raw_score":null,"calibrated_score":null,"expires_at":"2026-09-04T03:54:17.992Z"}} (0.2561ms)
✔ weighted mode is blocked without both usable global predictors {"imported":{"method":"fuzdrop","method_id":"fuzdrop","status":"success","validation_status":"valid","result_id":"fuzdrop_result_test","sequence":"ACE","sequence_length":3,"sequence_sha256":"00e66854ddc46722ac3db985136265f4a24bcbbf0b45103d80cfea510e9217bf","raw_score":0.7,"calibrated_score":0.7,"expires_at":"2026-09-04T03:54:17.992Z"}} (0.158ms)
✔ weighted mode is blocked without both usable global predictors {"imported":{"method":"fuzdrop","method_id":"fuzdrop","status":"success","validation_status":"valid","result_id":"fuzdrop_result_test","sequence":"ACD","sequence_length":3,"sequence_sha256":"00e66854ddc46722ac3db985136265f4a24bcbbf0b45103d80cfea510e9217bf","raw_score":0.7,"calibrated_score":0.7,"expires_at":"2000-01-01T00:00:00Z"}} (0.1594ms)
✔ weighted payload forwards exact complementary weights and never calculates a score (0.3376ms)
✔ zero global score is present, not missing (0.2456ms)
✔ a malformed import without a global numeric score cannot enable weighted mode (0.2194ms)
✔ weights preserve endpoints and decimals; invalid values cannot run (0.3353ms)
✔ invalid sequence or name cannot be submitted (0.2461ms)
✔ import identity independently verifies the canonical sequence SHA and length (16.7499ms)
✔ editing away and back permanently invalidates an accepted import (0.9871ms)
✔ an import arriving after sequence editing is rejected, even during hash validation (0.6407ms)
✔ late import responses cannot replace the newest accepted import (0.6733ms)
✔ remove cancels pending import validation; expiry clears its binding (0.8559ms)
✔ input snapshots retain the exact submitted sequence while a new job is in flight (0.5249ms)
✔ success is terminal and keeps its distinct status (0.1843ms)
✔ partial_success is terminal and keeps its distinct status (0.0676ms)
✔ failed is terminal and keeps its distinct status (0.062ms)
✔ interrupted is terminal and keeps its distinct status (0.0611ms)
✔ unavailable is terminal and keeps its distinct status (0.0574ms)
✔ external_result_required is terminal and keeps its distinct status (0.0613ms)
✔ API calls stay same-origin and preserve all successful DTO values for download (63.4888ms)
✔ history requests bounded filters and validates the lightweight summary envelope (1.9015ms)
✔ history and detail reject unsupported persisted result schema versions (2.1978ms)
✔ public config exposes only the validated retention duration (1.3065ms)
✔ delete uses the owned same-origin endpoint and requires the backend 204 contract (0.5227ms)
✔ downloads use backend export bytes, attachment filename, MIME type, and original precision (5.3325ms)
✔ download refuses an unexpected successful content type (1.3164ms)
✔ active analysis download keeps the backend not-ready status and actionable guidance (1.4837ms)
✔ method catalog unwraps the real methods envelope (1.0552ms)
✔ FuzDrop sends only the official import contract and retains result ID and null science fields (0.9337ms)
✔ partial_success is a normal job response, including unavailable ensemble (0.5564ms)
✔ failed is a normal job response, including unavailable ensemble (0.3665ms)
✔ external_result_required is a normal job response, including unavailable ensemble (0.3371ms)
✔ safe structured FUZDROP_SEQUENCE_MISMATCH errors never echo body, internal paths, or traceback (0.5509ms)
✔ safe structured ANALYSIS_UNAVAILABLE errors never echo body, internal paths, or traceback (0.3861ms)
✔ safe structured ANALYSIS_JOB_NOT_FOUND errors never echo body, internal paths, or traceback (0.5109ms)
✔ safe structured FUZDROP_IMPORT_TOO_LARGE errors never echo body, internal paths, or traceback (0.3796ms)
✔ unknown errors and malformed JSON use fixed fallback messages (1.0069ms)
✔ proxy REQUEST_TOO_LARGE keeps its code and actionable guidance without exposing server details (0.7959ms)
✔ proxy INVALID_CONTENT_TYPE keeps its code and actionable guidance without exposing server details (0.3418ms)
✔ proxy INVALID_REQUEST_ORIGIN keeps its code and actionable guidance without exposing server details (2.0306ms)
✔ proxy API_ROUTE_NOT_FOUND keeps its code and actionable guidance without exposing server details (0.4151ms)
✔ network failure becomes a friendly safe error; abort retains cancellation semantics (0.5676ms)
✔ abort while reading the response body remains cancellation rather than a visible service error (0.9575ms)
✔ invalid IDs cannot be used to construct a different request path (0.2525ms)
✔ a response for another job cannot replace the requested job (0.5165ms)
✔ unknown job statuses and malformed catalog are rejected (13.3041ms)
✔ domains remain integer 1-based inclusive and invalid sequence lengths are not invented (5.2525ms)
✔ every residue round-trips through one common pixel mapping at length 1 (0.677ms)
✔ every residue round-trips through one common pixel mapping at length 2 (0.2285ms)
✔ every residue round-trips through one common pixel mapping at length 100 (0.492ms)
✔ every residue round-trips through one common pixel mapping at length 500 (0.9758ms)
✔ every residue round-trips through one common pixel mapping at length 1000 (1.0499ms)
✔ every residue round-trips through one common pixel mapping at length 2000 (1.796ms)
✔ every residue round-trips through one common pixel mapping at length 5000 (3.6541ms)
✔ zoomed coordinate round trips retain native positions, not local zero indices (0.4743ms)
✔ one-residue and terminal regions are visible and hit-testable without changing native coordinates (0.7114ms)
✔ region clipping uses inclusive cells and hides only fully out-of-view regions (0.4675ms)
✔ pan preserves span at both sequence boundaries and reset is exact (0.3811ms)
✔ wheel zoom stays anchored and cannot escape the sequence or stop above one residue (1.7459ms)
✔ focus creates a bounded native interval and preserves single-residue regions (0.3546ms)
✔ coordinate ticks always include the visible first and last residues with no zero (0.4791ms)
✔ paint and hit-test use identical terminal bounds and return original region objects (0.718ms)
✔ overlap lanes preserve duplicates and primary status without deriving a winner (0.5455ms)
✔ empty successful region tracks remain rows but cannot produce a region hit (0.2686ms)
✔ KDE visual scaling retains signed values and never substitutes probabilities (0.2914ms)
✔ canvas timing retains first, latest and maximum completed draw, excluding hidden or unsupported canvas (3.2159ms)
✔ the test route requires the exact explicit server flag (3.4554ms)
✔ the 100-residue synthetic fixture maps to the six production tracks (71.1541ms)
✔ the 500-residue synthetic fixture maps to the six production tracks (12.3498ms)
✔ the 1000-residue synthetic fixture maps to the six production tracks (5.3531ms)
✔ the 2000-residue synthetic fixture maps to the six production tracks (9.0644ms)
✔ the 5000-residue synthetic fixture maps to the six production tracks (60.2958ms)
✔ native missing pDP stays null and duplicate overlapping regions keep independent identities (4.7977ms)
✔ first, last, and single-residue boundaries are exercised with inclusive tooltips (2.799ms)
✔ a new analysis changes identity and regenerated fixtures do not share mutable arrays (60.8601ms)
✔ the malformed pDP scenario rejects only its residue track and retains the other five exactly (36.9954ms)
✔ unsupported lengths and invalid fixture revisions fail without truncation (9.6109ms)
✔ performance summaries report missing measurements as null rather than zero (0.4726ms)
✔ performance statistics use actual finite observations and nearest-rank p95 per event (0.8868ms)
✔ the explicitly synthetic global-only import material has no invented residue or region data (9.1878ms)
✔ table residue focus, shared domain and tooltip preserve all native values at three plot widths (6.1833ms)
✔ native SEG table regions focus, paint and hit-test on the same inclusive sequence coordinates (2.4293ms)
✔ the shared FuzDrop endpoint keeps both native memberships while hit testing selects a distinct lane (3.9367ms)
✔ hiding, brushing, panning and resetting change presentation without changing downloadable evidence (10.2044ms)
✔ the actual partial-success job renders retained LRECA evidence and no artificial SEG bars (5.4482ms)
✔ switching actual analysis IDs resets zoom and visibility while polling the same job preserves them (2.3568ms)
✔ a rejected optional pDP array leaves other rows hit-testable without converting absence into zero (2.8404ms)
✔ zoom, visibility, and pan mode are visual state and do not mutate earlier state (7.0213ms)
✔ reset zoom retains a user hidden track, while a new analysis clears visual state (11.7282ms)
✔ external domain requests remain integer 1-based inclusive and within this protein (1.8282ms)
✔ no analysis has no invented sequence, residue values, regions, or IDR track (6.5649ms)
✔ real LRECA full response retains the native values, precision, semantics, and primary flags (4.1562ms)
✔ real SEG-only analysis has one aligned annotation track and never needs LRECA (12.1712ms)
✔ real combined C keeps the scientific track order and separates FuzDrop/DisMeta states (3.6794ms)
✔ real normalized FuzDrop values and regions map after LRECA and before SEG without Sbind substitution (4.1561ms)
✔ FuzDrop global-only import generates neither a propensity curve nor inferred regions (26.8014ms)
✔ FuzDrop regions-only and residue-only imports independently expose their supplied outputs (7.4095ms)
✔ all-null pDP produces N/A instead of a zero curve; mixed nulls remain actual gaps (2.6975ms)
✔ successful empty regions mean No, missing output N/A, unimported FuzDrop Not imported, blocked DisMeta Unavailable (1.2244ms)
✔ actual test-only H partial success preserves LRECA while SEG is Failed, not No (2.2742ms)
✔ queued execution never exposes stale successful arrays (1.0059ms)
✔ running execution never exposes stale successful arrays (0.6256ms)
✔ failed execution never exposes stale successful arrays (0.6609ms)
✔ unavailable execution never exposes stale successful arrays (1.2939ms)
✔ skipped execution never exposes stale successful arrays (0.6337ms)
✔ external-result-required is Not imported while a forged DisMeta success still has no track (2.3044ms)
✔ unselected native payloads cannot add an output to a historical job (28.2135ms)
✔ successful global-only LRECA and unavailable KDE do not get zero attribution/density (1.85ms)
✔ lreca-attribution length is isolated from every other optional track (2.9358ms)
✔ lreca-attribution zero position is isolated from every other optional track (2.8397ms)
✔ lreca-attribution duplicate position is isolated from every other optional track (4.5351ms)
✔ lreca-attribution out-of-range position is isolated from every other optional track (2.2421ms)
✔ lreca-attribution wrong aa is isolated from every other optional track (3.4216ms)
✔ lreca-attribution wrong semantic is isolated from every other optional track (2.8902ms)
✔ lreca-attribution negative score is isolated from every other optional track (2.6334ms)
✔ lreca-attribution score above one is isolated from every other optional track (2.273ms)
✔ lreca-attribution NaN is isolated from every other optional track (1.7713ms)
✔ lreca-attribution Infinity is isolated from every other optional track (1.6872ms)
✔ lreca-attribution boolean is isolated from every other optional track (2.9924ms)
✔ lreca-attribution missing score is isolated from every other optional track (2.3519ms)
✔ fuzdrop-propensity length is isolated from every other optional track (7.9377ms)
✔ fuzdrop-propensity zero position is isolated from every other optional track (16.8043ms)
✔ fuzdrop-propensity duplicate position is isolated from every other optional track (2.2327ms)
✔ fuzdrop-propensity out-of-range position is isolated from every other optional track (2.2101ms)
✔ fuzdrop-propensity wrong aa is isolated from every other optional track (2.0827ms)
✔ fuzdrop-propensity wrong semantic is isolated from every other optional track (2.1567ms)
✔ fuzdrop-propensity negative score is isolated from every other optional track (2.3306ms)
✔ fuzdrop-propensity score above one is isolated from every other optional track (7.6062ms)
✔ fuzdrop-propensity NaN is isolated from every other optional track (4.5773ms)
✔ fuzdrop-propensity Infinity is isolated from every other optional track (39.3677ms)
✔ fuzdrop-propensity boolean is isolated from every other optional track (2.5963ms)
✔ fuzdrop-propensity missing score is isolated from every other optional track (2.4433ms)
✔ pDP name is checked independently of Sbind, and null LRECA attribution is invalid (2.354ms)
✔ KDE invalid NaN stays isolated (2.0176ms)
✔ KDE invalid Infinity stays isolated (1.6796ms)
✔ KDE invalid null stays isolated (1.65ms)
✔ KDE invalid true stays isolated (1.8086ms)
✔ KDE invalid 0.5 stays isolated (1.5578ms)
✔ KDE density supports finite values outside [0,1] without probability clipping or recalculation (0.7001ms)
✔ short or wrongly typed KDE arrays are invalid without affecting critical regions (3.9294ms)
✔ lreca-critical rejects zero without filtering or breaking sibling outputs (2.2777ms)
✔ lreca-critical rejects negative without filtering or breaking sibling outputs (2.6697ms)
✔ lreca-critical rejects reversed without filtering or breaking sibling outputs (2.2601ms)
✔ lreca-critical rejects outside without filtering or breaking sibling outputs (2.0477ms)
✔ lreca-critical rejects fractional without filtering or breaking sibling outputs (2.3932ms)
✔ lreca-critical rejects string coordinate without filtering or breaking sibling outputs (1.8994ms)
✔ lreca-critical rejects boolean coordinate without filtering or breaking sibling outputs (2.0834ms)
✔ lreca-critical rejects incorrect length without filtering or breaking sibling outputs (2.2651ms)
✔ lreca-critical rejects semantic mismatch without filtering or breaking sibling outputs (1.9887ms)
✔ fuzdrop-regions rejects zero without filtering or breaking sibling outputs (1.8676ms)
✔ fuzdrop-regions rejects negative without filtering or breaking sibling outputs (2.0628ms)
✔ fuzdrop-regions rejects reversed without filtering or breaking sibling outputs (3.0537ms)
✔ fuzdrop-regions rejects outside without filtering or breaking sibling outputs (2.0352ms)
✔ fuzdrop-regions rejects fractional without filtering or breaking sibling outputs (2.1115ms)
✔ fuzdrop-regions rejects string coordinate without filtering or breaking sibling outputs (2.0443ms)
✔ fuzdrop-regions rejects boolean coordinate without filtering or breaking sibling outputs (1.9622ms)
✔ fuzdrop-regions rejects incorrect length without filtering or breaking sibling outputs (2.0281ms)
✔ fuzdrop-regions rejects semantic mismatch without filtering or breaking sibling outputs (1.9736ms)
✔ seg-regions rejects zero without filtering or breaking sibling outputs (2.0091ms)
✔ seg-regions rejects negative without filtering or breaking sibling outputs (2.0693ms)
✔ seg-regions rejects reversed without filtering or breaking sibling outputs (1.9401ms)
✔ seg-regions rejects outside without filtering or breaking sibling outputs (2.7741ms)
✔ seg-regions rejects fractional without filtering or breaking sibling outputs (2.009ms)
✔ seg-regions rejects string coordinate without filtering or breaking sibling outputs (1.8281ms)
✔ seg-regions rejects boolean coordinate without filtering or breaking sibling outputs (1.7812ms)
✔ seg-regions rejects incorrect length without filtering or breaking sibling outputs (2.0097ms)
✔ seg-regions rejects semantic mismatch without filtering or breaking sibling outputs (2.5154ms)
✔ 1–1, N–N and 1–N remain inclusive at both ends; tooltip AA comes from the master sequence (0.6046ms)
✔ native region order, overlaps and duplicates remain intact with distinct selection IDs (1.61ms)
✔ primary follows is_primary even when a candidate has the larger score (0.906ms)
✔ invalid primary flags or FuzDrop region labels cannot silently acquire replacement semantics (2.4689ms)
✔ paired normalized snapshot is authoritative and native sequence conflicts isolate the offending method (3.665ms)
✔ FuzDrop and SEG require sequence hashes paired to the current job (2.7673ms)
✔ validated import provenance is required; direct remote or pasted-only data cannot create tracks (5.3359ms)
✔ native canonical sequence is the fallback when a paired snapshot is unavailable (3.1425ms)
✔ a malformed or unselected native sequence cannot displace another valid sequence fallback (2.3575ms)
✔ FuzDrop coordinate declaration must agree with the common one-based axis (2.6491ms)
✔ native failed status cannot be hidden by a successful execution envelope (1.7974ms)
✔ valid backend-provided zero attribution values remain values rather than missing data (0.8341ms)
✔ malformed envelopes and optional arrays produce safe issues without raw diagnostic text (3.6272ms)
✔ mapping deeply frozen input is pure; output edits cannot mutate native values or coordinates (11.304ms)
✔ empty pLLPS is omitted rather than converted to zero; explicit empty regions survive (4.4462ms)
✔ an explicit zero pLLPS remains supplied data (1.0789ms)
✔ optional score accepts decimal endpoints and scientific notation (0.6271ms)
✔ missing content and missing declarations are rejected independently (1.5908ms)
✔ nonfinite, nondecimal and out-of-range pLLPS cannot become a valid payload (0.4237ms)
✔ exact out-of-range decimals are rejected before boundary rounding can hide them (0.3224ms)
✔ the payload uses the current canonical sequence without client TSV reinterpretation (0.5297ms)
✔ invalid or unnormalized sequence cannot be attached to an import (0.6101ms)
✔ import payload cannot select methods, enable FuzDrop, or set weighted mode (0.4772ms)
✔ UTF-8 files preserve Unicode, BOM and original CRLF bytes after decoding (0.5498ms)
✔ invalid UTF-8, UTF-16 and binary data are rejected without replacement characters (0.5895ms)
✔ file and combined text limits count UTF-8 bytes (76.5914ms)
✔ official links use only audited exact HTTPS destinations, with no query or submitted sequence (27.1412ms)
✔ persisted job detail restores an immutable viewer input without running a method (44.7433ms)
✔ history queries are bounded and only accept real status and method filters (0.5639ms)
✔ history pagination returns to the last populated page after deletion (0.2786ms)
✔ history prediction summary treats zero as an actual persisted score (0.6068ms)
✔ download filenames accept safe Unicode and reject path or control injection (0.699ms)
✔ the proxy owns one high-entropy HttpOnly browser credential and streams authorized exports (5.2535ms)
✔ workspace establishes the ownership cookie before concurrent startup reads and history Open uses detail GET (0.9663ms)
✔ history and results expose exact lifecycle language and backend export formats without local JSON reconstruction (0.9984ms)
✔ polling waits one second between sequential GETs and stops at success (6.6205ms)
✔ poll stops normally at partial_success (0.6126ms)
✔ poll stops normally at failed (0.2001ms)
✔ poll stops normally at unavailable (0.1811ms)
✔ poll stops normally at external_result_required (0.1937ms)
✔ an initial terminal response needs no extra GET (0.2398ms)
✔ poll failure stops and an explicit retry performs only GET on the same job (30.9245ms)
✔ abort while waiting releases the timer without a GET (1.1396ms)
✔ abort during an in-flight request discards a late result (0.7623ms)
✔ old job polling and new job polling remain isolated (0.6455ms)
✔ delay rejects an already-aborted signal immediately (0.3149ms)
✔ origin checks preserve the actual local hostname without Next URL normalization (3.2303ms)
✔ origin checks normalize default ports and IPv6 authorities (0.3917ms)
✔ HTTPS edge termination works when the public Host is preserved (84.9414ms)
✔ missing Origin retains the CLI contract, but a present Origin requires Host (0.2374ms)
✔ opaque, malformed, credentialed, path-bearing and foreign origins are rejected (0.5333ms)
✔ proxy routes only the workspace API methods (0.8914ms)
✔ proxy target requires explicit private server configuration (0.8623ms)
✔ ordinary Feature or Sequence residue clicks update one selection without tab or focus side effects (3.5954ms)
✔ explicit residue links switch only their destination and issue independent focus requests (0.5464ms)
✔ region selection preserves source identity without switching views or forcing either viewport (0.4043ms)
✔ explicit region links focus only the requested viewer and retain inclusive native endpoints (0.4639ms)
✔ repeated explicit navigation increments only the destination request identity (0.2535ms)
✔ table actions have explicit Feature and Sequence destinations over the same selection (0.2798ms)
✔ a new result session starts with no stale residue, region, or scroll targets (0.2624ms)
✔ clearing selection clears both pending focus targets while keeping the current tab (0.2549ms)
✔ invalid external positions or intervals cannot become shared selection targets (0.3391ms)
✔ fixed 50-residue rows preserve 1-based positions and terminal residues (6.308ms)
✔ 100 residues produce 2 lightweight rows (0.6332ms)
✔ 500 residues produce 10 lightweight rows (0.4128ms)
✔ 1000 residues produce 20 lightweight rows (12.154ms)
✔ 2000 residues produce 40 lightweight rows (0.6302ms)
✔ 5000 residues produce 100 lightweight rows (9.508ms)
✔ row lookup is stable at 1, wrap boundaries and N (0.9571ms)
✔ position queries accept a number or matching amino-acid label only (0.5826ms)
✔ keyboard navigation clamps to the protein and uses fixed row boundaries (0.4204ms)
✔ copy helpers convert 1-based inclusive regions exactly once (0.5843ms)
✔ clipboard wrapper reports injected browser success and denial without exposing sequence data (0.3997ms)
✔ real A maps the canonical 248 residues, exact LRECA values and backend critical memberships (11.4523ms)
✔ real B SEG-only maps Yes/No without assuming prediction output and defaults to the LCR mode (6.9407ms)
✔ a successful empty region output reports No but does not enable a meaningless color mode (2.0851ms)
✔ real C combines LRECA and SEG independently while FuzDrop is Not imported and DisMeta Unavailable (4.962ms)
✔ real D uses only the validated synthetic import pDP and native region memberships (6.4527ms)
✔ real E global-only FuzDrop disables both residue modes and keeps N/A distinct from No (6.3398ms)
✔ real H partial success retains LRECA and marks SEG failed without fabricated membership (3.8035ms)
✔ precomputed tooltips retain actual values and never search or replace the canonical residue letter (5.8488ms)
✔ synthetic 1–1, N–N and 1–N native regions extract exact inclusive sequence slices (3.6486ms)
✔ 0, 0.5 and 1 stay exact while display intensity only clamps presentation values (3.3804ms)
✔ null pDP remains N/A while neighboring native values and FuzDrop regions remain available (3.8018ms)
✔ an all-null imported pDP output is N/A and cannot enable a blank color scale (2.5742ms)
✔ malformed NaN pDP isolates its color mode without damaging valid LRECA, FuzDrop regions or SEG (3.2975ms)
✔ a malformed optional region track is isolated and never creates membership from pDP (3.6819ms)
✔ non-array optional values and stale failed tracks are rejected or ignored without throwing (11.0313ms)
✔ deeply frozen Module 7 model maps without mutation and output regions are fresh copies (6.7191ms)
✔ empty and malformed parent models fail safely without inventing residues or enabling DisMeta (1.3976ms)
✔ synthetic 100-residue render fixture maps one lightweight record per 1-based residue (29.3436ms)
✔ synthetic 500-residue render fixture maps one lightweight record per 1-based residue (17.975ms)
✔ synthetic 1000-residue render fixture maps one lightweight record per 1-based residue (7.6299ms)
✔ synthetic 2000-residue render fixture maps one lightweight record per 1-based residue (16.4848ms)
✔ synthetic 5000-residue render fixture maps one lightweight record per 1-based residue (38.6516ms)
✔ raw input preserves order and normalizes ASCII case and whitespace (8.5591ms)
✔ one FASTA extracts a separate name, including description (0.858ms)
✔ invalid input produces EMPTY_SEQUENCE:  (3.407ms)
✔ invalid input produces EMPTY_SEQUENCE:  
	 (3.1524ms)
✔ invalid input produces EMPTY_SEQUENCE: >name
 (0.355ms)
✔ invalid input produces INVALID_FASTA: > 
ACD (0.286ms)
✔ invalid input produces INVALID_FASTA: ACD
>name
EFG (0.3006ms)
✔ invalid input produces MULTIPLE_FASTA_RECORDS: >a
ACD
>b
EFG (0.2832ms)
✔ invalid input produces INVALID_SEQUENCE_TYPE: null (0.3037ms)
✔ invalid input produces INVALID_SEQUENCE_TYPE: 42 (0.3783ms)
✔ unsupported residue "B" is never silently changed (0.9633ms)
✔ unsupported residue "J" is never silently changed (0.2984ms)
✔ unsupported residue "O" is never silently changed (0.1658ms)
✔ unsupported residue "U" is never silently changed (0.1638ms)
✔ unsupported residue "X" is never silently changed (0.1483ms)
✔ unsupported residue "Z" is never silently changed (0.2071ms)
✔ unsupported residue "*" is never silently changed (0.2022ms)
✔ unsupported residue "-" is never silently changed (0.0959ms)
✔ unsupported residue "ß" is never silently changed (0.4667ms)
✔ unsupported residue "ı" is never silently changed (0.2939ms)
✔ unsupported residue "ſ" is never silently changed (0.2298ms)
✔ unsupported residue "Ａ" is never silently changed (0.2036ms)
✔ unsupported residue "😀" is never silently changed (0.4605ms)
✔ unsupported residue "﻿" is never silently changed (0.1064ms)
✔ all Python whitespace characters are removed; BOM is not whitespace (0.338ms)
✔ positions use Unicode code points, not UTF-16 or raw FASTA offsets (0.1789ms)
✔ sequence name validation matches length and category-C restrictions (3.1366ms)
✔ example is the frozen real 248-aa sequence, with verified identity and no predictions (30.4471ms)
✔ anonymous session bootstrap is serialized across concurrent tabs (2.7336ms)
✔ session bootstrap still runs where Web Locks are unavailable (0.3689ms)
✔ no job yields an empty viewer, never a mock sequence or zero-score track (11.6401ms)
✔ all track values, precision, coordinates and semantic types pass through unchanged (2.9065ms)
✔ empty native regions remain available empty data, unlike a missing method (0.4122ms)
✔ unavailable KDE stays unavailable while real attribution is preserved (0.3787ms)
✔ failed execution cannot contribute stale native values (0.2977ms)
✔ a newer import never fills or replaces a historical job result (0.4325ms)
✔ a regions-only FuzDrop import does not acquire a global score (0.308ms)
✔ SEG-only viewer uses its paired submitted snapshot, not a current draft (0.3165ms)
✔ a native canonical sequence takes precedence over a stale snapshot (0.3455ms)
✔ zero and missing scores or coverage have distinct display values (0.4193ms)
✔ external result required is distinct from failure and neutral unavailability (0.2875ms)
✔ combined prediction status remains queued or running until a terminal result exists (0.2398ms)
✔ unknown reason strings cannot leak arbitrary internal diagnostics (0.3933ms)
✔ 5000 residue rows are paged without filtering, rounding or sorting data (1.5171ms)
✔ pagination clamps stale page state when a shorter result replaces the view (0.2203ms)
ℹ tests 321
ℹ suites 0
ℹ pass 321
ℹ fail 0
ℹ cancelled 0
ℹ skipped 0
ℹ todo 0
ℹ duration_ms 1150.3424
