$ next build
▲ Next.js 16.3.4 (Turbopack)
- Environments: .env.local
✓ Running next.config.ts took 38ms

  Creating an optimized production build ...
✓ Compiled successfully in 741ms
  Running TypeScript ...
  Finished TypeScript in 2.0s ...
  Collecting page data using 7 workers ...
  Generating static pages using 7 workers (0/2) ...
✓ Generating static pages using 7 workers (2/2) in 700ms
  Finalizing page optimization ...

Route (app)
┌ ƒ /
├ ○ /_not-found
├ ƒ /api/v1/[...path]
├ ƒ /dev/feature-viewer
└ ƒ /dev/sequence-viewer


○  (Static)   prerendered as static content
ƒ  (Dynamic)  server-rendered on demand
